
> document-summarizer-app@0.0.0 build
> tsc -b && vite build

src/components/ChatInterface.tsx(3,18): error TS6133: 'AnimatePresence' is declared but its value is never read.
src/components/Dashboard.tsx(26,11): error TS6133: 'recentDocs' is declared but its value is never read.
